// Jest Snapshot v1, https://goo.gl/fbAQLP

exports[`should diff a new revision of a document 1`] = `
"<h1>Heading 1</h1>
<h2>Heading 2</h2>
<p>This is a test paragraph</p>
<p>This is a second test paragraph. This is a second sentence.</p>
<p>This is a another test paragraph. This is a another sentence.</p>
<ul>
<li>list item 1</li>
<li data-diff-node=\\"del\\" data-operation-index=\\"1\\"><del data-operation-index=\\"1\\">list item 2</del></li></ul>
<pre><code>this is a codeblock
</code></pre><p data-diff-node=\\"ins\\" data-operation-index=\\"3\\"><ins data-operation-index=\\"3\\">This is a new paragraph.</ins></p>
<div class=\\"notice notice-info\\">
<p>This is an info block</p>
</div>
<p><span class=\\"placeholder\\">This is a placeholder</span></p>
<p><span class=\\"highlight\\">this is a highlight</span></p>
<ul>
<li><span class=\\"checkbox\\">[<del data-operation-index=\\"5\\"> ]</del><ins data-operation-index=\\"5\\">x]</ins></span>checklist item 1</li><li><span class=\\"checkbox\\" data-diff-node=\\"ins\\" data-operation-index=\\"7\\"><ins data-operation-index=\\"7\\">[x]</ins></span><ins data-operation-index=\\"7\\">checklist item 2</ins></li>
<li><span class=\\"checkbox\\">[ ]</span>checklist item <del data-operation-index=\\"9\\">2</del><ins data-operation-index=\\"9\\">3</ins></li><li><span class=\\"checkbox\\" data-diff-node=\\"ins\\" data-operation-index=\\"9\\"><ins data-operation-index=\\"9\\">[ ]</ins></span><ins data-operation-index=\\"9\\">checklist item 4</ins></li>
<li><span class=\\"checkbox\\">[x]</span>checklist item <del data-operation-index=\\"11\\">3</del><ins data-operation-index=\\"11\\">5</ins></li>"
`;
