// Jest Snapshot v1, https://goo.gl/fbAQLP

exports[`#collections.create should require authentication 1`] = `
Object {
  "error": "authentication_required",
  "message": "Authentication required",
  "ok": false,
  "status": 401,
}
`;

exports[`#collections.delete should require authentication 1`] = `
Object {
  "error": "authentication_required",
  "message": "Authentication required",
  "ok": false,
  "status": 401,
}
`;

exports[`#collections.export should require authentication 1`] = `
Object {
  "error": "authentication_required",
  "message": "Authentication required",
  "ok": false,
  "status": 401,
}
`;

exports[`#collections.exportAll should require authentication 1`] = `
Object {
  "error": "authentication_required",
  "message": "Authentication required",
  "ok": false,
  "status": 401,
}
`;

exports[`#collections.info should require authentication 1`] = `
Object {
  "error": "authentication_required",
  "message": "Authentication required",
  "ok": false,
  "status": 401,
}
`;

exports[`#collections.list should require authentication 1`] = `
Object {
  "error": "authentication_required",
  "message": "Authentication required",
  "ok": false,
  "status": 401,
}
`;
